// Jest Snapshot v1, https://goo.gl/fbAQLP

exports[`ExportCSV Component should render correct translated title 1`] = `
<ContextConsumer>
  <Component />
</ContextConsumer>
`;

exports[`ExportCSV Component should render correctly in "debug" mode 1`] = `
<ContextConsumer>
  <Component />
</ContextConsumer>
`;

exports[`ExportCSV Component should render correctly with sample properties 1`] = `
<ContextConsumer>
  <Component />
</ContextConsumer>
`;
